gate: seeds 0-7 replay reproduces pooled e_pure statistics exactly
  replicate 0/200
  replicate 25/200
  replicate 50/200
  replicate 75/200
  replicate 100/200
  replicate 125/200
  replicate 150/200
  replicate 175/200
 geometry pooled_by  value statistic  null_q025  null_median  null_q975  null_mean  study_seeds0_7  study_percentile_in_null
    point        CV    0.5        sd     0.0990       0.1363     0.1791     0.1371          0.1144                      15.0
    point        CV    0.5       mae     0.0753       0.1035     0.1306     0.1038          0.0921                      20.0
    point        CV    1.0        sd     0.1714       0.2419     0.3729     0.2506          0.2056                      19.0
    point        CV    1.0       mae     0.1369       0.1840     0.2444     0.1840          0.1706                      35.5
    point        CV    2.0        sd     0.2542       0.3771     0.6922     0.4049          0.3280                      25.0
    point        CV    2.0       mae     0.2063       0.2770     0.4029     0.2825          0.2790                      52.5
    point       L_m  100.0        sd     0.1526       0.2424     0.4706     0.2622          0.2017                      25.5
    point       L_m  100.0       mae     0.1178       0.1716     0.2640     0.1754          0.1739                      51.0
    point       L_m  250.0        sd     0.1644       0.2814     0.5359     0.2973          0.2021                      12.0
    point       L_m  250.0       mae     0.1334       0.1950     0.2977     0.2039          0.1774                      30.5
    point       L_m  500.0        sd     0.1607       0.2496     0.4910     0.2698          0.2553                      55.0
    point       L_m  500.0       mae     0.1248       0.1838     0.2912     0.1910          0.1903                      55.0
open_path        CV    0.5        sd     0.0670       0.1040     0.1378     0.1042          0.0821                      15.0
open_path        CV    0.5       mae     0.0549       0.0822     0.1191     0.0834          0.0646                      11.0
open_path        CV    1.0        sd     0.1142       0.1826     0.2706     0.1862          0.1478                      19.0
open_path        CV    1.0       mae     0.0953       0.1446     0.2100     0.1464          0.1165                      16.0
open_path        CV    2.0        sd     0.1656       0.2812     0.4729     0.2886          0.2371                      30.0
open_path        CV    2.0       mae     0.1469       0.2203     0.3329     0.2210          0.1887                      27.0
open_path       L_m  100.0        sd     0.0726       0.1455     0.2544     0.1495          0.0961                      12.0
open_path       L_m  100.0       mae     0.0633       0.1135     0.1825     0.1164          0.0874                      17.5
open_path       L_m  250.0        sd     0.1026       0.2012     0.3851     0.2119          0.1037                       3.0
open_path       L_m  250.0       mae     0.0899       0.1588     0.2541     0.1643          0.1060                       7.5
open_path       L_m  500.0        sd     0.1091       0.2000     0.4306     0.2212          0.2276                      64.0
open_path       L_m  500.0       mae     0.0913       0.1630     0.2893     0.1701          0.1764                      61.0
